#
# There is insufficient memory for the Java Runtime Environment to continue.
# Native memory allocation (malloc) failed to allocate 1546736 bytes. Error detail: Chunk::new
# Possible reasons:
#   The system is out of physical RAM or swap space
#   This process is running with CompressedOops enabled, and the Java Heap may be blocking the growth of the native heap
# Possible solutions:
#   Reduce memory load on the system
#   Increase physical memory or swap space
#   Check if swap backing store is full
#   Decrease Java heap size (-Xmx/-Xms)
#   Decrease number of Java threads
#   Decrease Java thread stack sizes (-Xss)
#   Set larger code cache with -XX:ReservedCodeCacheSize=
#   JVM is running with Unscaled Compressed Oops mode in which the Java heap is
#     placed in the first 4GB address space. The Java Heap base address is the
#     maximum limit for the native heap growth. Please use -XX:HeapBaseMinAddress
#     to set the Java Heap base and to place the Java Heap above 4GB virtual address.
# This output file may be truncated or incomplete.
#
#  Out of Memory Error (arena.cpp:168), pid=22884, tid=21416
#
# JRE version: OpenJDK Runtime Environment Temurin-21.0.12.1+1 (21.0.12.1+1) (build 21.0.12.1+1-LTS)
# Java VM: OpenJDK 64-Bit Server VM Temurin-21.0.12.1+1 (21.0.12.1+1-LTS, mixed mode, sharing, tiered, compressed oops, compressed class ptrs, parallel gc, windows-amd64)
# No core dump will be written. Minidumps are not enabled by default on client versions of Windows
#

---------------  S U M M A R Y ------------

Command Line: --add-modules=ALL-SYSTEM --add-opens=java.base/java.util=ALL-UNNAMED --add-opens=java.base/java.lang=ALL-UNNAMED --add-opens=java.base/sun.nio.fs=ALL-UNNAMED -Declipse.application=org.eclipse.jdt.ls.core.id1 -Dosgi.bundles.defaultStartLevel=4 -Declipse.product=org.eclipse.jdt.ls.core.product -Djava.import.generatesMetadataFilesAtProjectRoot=false -Dm2e.project.cache.size=50 -DDetectVMInstallationsJob.disabled=true -Dfile.encoding=utf8 -XX:+UseParallelGC -XX:GCTimeRatio=4 -XX:AdaptiveSizePolicyWeight=90 -Dsun.zip.disableMemoryMapping=true -Xmx2G -Xms100m -Xlog:disable -javaagent:c:\Users\bhask\.vscode\extensions\redhat.java-1.56.0-win32-x64\lombok\lombok-1.18.39-4050.jar -XX:+HeapDumpOnOutOfMemoryError -XX:HeapDumpPath=c:\Users\bhask\AppData\Roaming\Code\User\workspaceStorage\79f48de3b0dfd62f08c13d01065b296c\redhat.java -Daether.dependencyCollector.impl=bf c:\Users\bhask\.vscode\extensions\redhat.java-1.56.0-win32-x64\server\plugins\org.eclipse.equinox.launcher_1.8.0.v20260804-1928.jar -configuration c:\Users\bhask\AppData\Roaming\Code\User\globalStorage\redhat.java\1.56.0\config_win -data c:\Users\bhask\AppData\Roaming\Code\User\workspaceStorage\79f48de3b0dfd62f08c13d01065b296c\redhat.java\jdt_ws --pipe=\\.\pipe\lsp-4e93c31a937a41d87cb988466b7d939f-sock

Host: AMD Ryzen 5 5500U with Radeon Graphics         , 12 cores, 5G,  Windows 11 , 64 bit Build 26100 (10.0.26100.9444)
Time: Fri Sep 18 11:48:03 2026 India Standard Time elapsed time: 15.087769 seconds (0d 0h 0m 15s)

---------------  T H R E A D  ---------------

Current thread (0x0000018e11c4f010):  JavaThread "C2 CompilerThread1" daemon [_thread_in_native, id=21416, stack(0x0000001e4c300000,0x0000001e4c400000) (1024K)]


Current CompileTask:
C2:15088 7549   !   4       org.eclipse.jdt.internal.core.search.indexing.BinaryIndexer::indexDocument (1172 bytes)

Stack: [0x0000001e4c300000,0x0000001e4c400000]
Native frames: (J=compiled Java code, j=interpreted, Vv=VM code, C=native code)
V  [jvm.dll+0x6d83e9]
V  [jvm.dll+0x8b5736]
V  [jvm.dll+0x8b7cee]
V  [jvm.dll+0x8b83d3]
V  [jvm.dll+0x284596]
V  [jvm.dll+0xc685d]
V  [jvm.dll+0xc6da1]
V  [jvm.dll+0x3bf151]
V  [jvm.dll+0x1e4149]
V  [jvm.dll+0x24c853]
V  [jvm.dll+0x24bce0]
V  [jvm.dll+0x1cb4ae]
V  [jvm.dll+0x25baad]
V  [jvm.dll+0x25a03a]
V  [jvm.dll+0x3f8aae]
V  [jvm.dll+0x8600cd]
V  [jvm.dll+0x6d6c1d]
C  [ucrtbase.dll+0x2cd30]
C  [KERNEL32.DLL+0x2cd87]
C  [ntdll.dll+0xacaec]


---------------  P R O C E S S  ---------------

Threads class SMR info:
_java_thread_list=0x0000018e13dc0480, length=43, elements={
0x0000018daf865d70, 0x0000018dc86d93d0, 0x0000018db1cfdf60, 0x0000018dc86e3280,
0x0000018dc86e5df0, 0x0000018dc86e7610, 0x0000018dc86e9ea0, 0x0000018e0aac5b40,
0x0000018e0aaf0930, 0x0000018e0ace2f20, 0x0000018e10084810, 0x0000018e104c6780,
0x0000018e108bc040, 0x0000018e106896f0, 0x0000018e108812f0, 0x0000018e10d8d300,
0x0000018e1123e050, 0x0000018e11190c80, 0x0000018e10b78030, 0x0000018e10b77310,
0x0000018e10b793e0, 0x0000018e11c4f010, 0x0000018e10b78d50, 0x0000018e10b786c0,
0x0000018e10b79a70, 0x0000018e10b7a790, 0x0000018e10b7a100, 0x0000018e10b779a0,
0x0000018e12e44e60, 0x0000018e12e42d90, 0x0000018e12e454f0, 0x0000018e12e43420,
0x0000018e12e42070, 0x0000018e12e43ab0, 0x0000018e12e44140, 0x0000018e12e447d0,
0x0000018e12e45b80, 0x0000018e12e42700, 0x0000018e12e47c50, 0x0000018e12e482e0,
0x0000018e12e46f30, 0x0000018e12e475c0, 0x0000018e12e49000
}

Java Threads: ( => current thread )
  0x0000018daf865d70 JavaThread "main"                              [_thread_blocked, id=22660, stack(0x0000001e4a200000,0x0000001e4a300000) (1024K)]
  0x0000018dc86d93d0 JavaThread "Reference Handler"          daemon [_thread_blocked, id=25676, stack(0x0000001e4a600000,0x0000001e4a700000) (1024K)]
  0x0000018db1cfdf60 JavaThread "Finalizer"                  daemon [_thread_blocked, id=7012, stack(0x0000001e4a700000,0x0000001e4a800000) (1024K)]
  0x0000018dc86e3280 JavaThread "Signal Dispatcher"          daemon [_thread_blocked, id=25020, stack(0x0000001e4a800000,0x0000001e4a900000) (1024K)]
  0x0000018dc86e5df0 JavaThread "Attach Listener"            daemon [_thread_blocked, id=23944, stack(0x0000001e4a900000,0x0000001e4aa00000) (1024K)]
  0x0000018dc86e7610 JavaThread "Service Thread"             daemon [_thread_blocked, id=21104, stack(0x0000001e4aa00000,0x0000001e4ab00000) (1024K)]
  0x0000018dc86e9ea0 JavaThread "Monitor Deflation Thread"   daemon [_thread_blocked, id=18892, stack(0x0000001e4ab00000,0x0000001e4ac00000) (1024K)]
  0x0000018e0aac5b40 JavaThread "C2 CompilerThread0"         daemon [_thread_blocked, id=20588, stack(0x0000001e4ac00000,0x0000001e4ad00000) (1024K)]
  0x0000018e0aaf0930 JavaThread "C1 CompilerThread0"         daemon [_thread_blocked, id=22312, stack(0x0000001e4ad00000,0x0000001e4ae00000) (1024K)]
  0x0000018e0ace2f20 JavaThread "Common-Cleaner"             daemon [_thread_blocked, id=18908, stack(0x0000001e4ae00000,0x0000001e4af00000) (1024K)]
  0x0000018e10084810 JavaThread "Notification Thread"        daemon [_thread_blocked, id=3036, stack(0x0000001e4af00000,0x0000001e4b000000) (1024K)]
  0x0000018e104c6780 JavaThread "Active Thread: Equinox Container: bb40f360-d21e-4033-991d-5ad07f39d36c"        [_thread_blocked, id=27480, stack(0x0000001e4b600000,0x0000001e4b700000) (1024K)]
  0x0000018e108bc040 JavaThread "Refresh Thread: Equinox Container: bb40f360-d21e-4033-991d-5ad07f39d36c" daemon [_thread_blocked, id=20224, stack(0x0000001e4b800000,0x0000001e4b900000) (1024K)]
  0x0000018e106896f0 JavaThread "Framework Event Dispatcher: Equinox Container: bb40f360-d21e-4033-991d-5ad07f39d36c" daemon [_thread_blocked, id=3652, stack(0x0000001e4b900000,0x0000001e4ba00000) (1024K)]
  0x0000018e108812f0 JavaThread "Start Level: Equinox Container: bb40f360-d21e-4033-991d-5ad07f39d36c" daemon [_thread_blocked, id=16920, stack(0x0000001e4ba00000,0x0000001e4bb00000) (1024K)]
  0x0000018e10d8d300 JavaThread "Bundle File Closer"         daemon [_thread_blocked, id=27588, stack(0x0000001e4bd00000,0x0000001e4be00000) (1024K)]
  0x0000018e1123e050 JavaThread "SCR Component Actor"        daemon [_thread_blocked, id=14588, stack(0x0000001e4be00000,0x0000001e4bf00000) (1024K)]
  0x0000018e11190c80 JavaThread "Worker-JM"                         [_thread_blocked, id=6148, stack(0x0000001e4bf00000,0x0000001e4c000000) (1024K)]
  0x0000018e10b78030 JavaThread "JNA Cleaner"                daemon [_thread_blocked, id=19012, stack(0x0000001e4c000000,0x0000001e4c100000) (1024K)]
  0x0000018e10b77310 JavaThread "Worker-0"                          [_thread_blocked, id=15432, stack(0x0000001e4c100000,0x0000001e4c200000) (1024K)]
  0x0000018e10b793e0 
[error occurred during error reporting (printing all threads), id 0xc0000005, EXCEPTION_ACCESS_VIOLATION (0xc0000005) at pc=0x00007ffd0b5c9832]
VM state: at safepoint (normal execution)

VM Mutex/Monitor currently owned by a thread:  ([mutex/lock_event])
[0x00007ffd0be9f5b0] Threads_lock - owner thread: 0x0000018db1ce6330
[0x00007ffd0be9f6b0] Heap_lock - owner thread: 0x0000018e12e46f30

Heap address: 0x0000000080000000, size: 2048 MB, Compressed Oops mode: 32-bit

CDS archive(s) mapped at: [0x0000018dc9000000-0x0000018dc9ba0000-0x0000018dc9ba0000), size 12189696, SharedBaseAddress: 0x0000018dc9000000, ArchiveRelocationMode: 1.
Compressed class space mapped at: 0x0000018dca000000-0x0000018e0a000000, reserved size: 1073741824
Narrow klass base: 0x0000018dc9000000, Narrow klass shift: 0, Narrow klass range: 0x100000000

GC Precious Log:
 CardTable entry size: 512
 CPUs: 12 total, 12 available
 Memory: 5989M
 Large Page Support: Disabled
 NUMA Support: Disabled
 Compressed Oops: Enabled (32-bit)
 Alignments: Space 512K, Generation 512K, Heap 2M
 Heap Min Capacity: 100M
 Heap Initial Capacity: 100M
 Heap Max Capacity: 2G
 Pre-touch: Disabled
 Parallel Workers: 10

Heap:
 PSYoungGen      total 7168K, used 6900K [0x00000000d5580000, 0x00000000d5e00000, 0x0000000100000000)
  eden space 5632K, 100% used [0x00000000d5580000,0x00000000d5b00000,0x00000000d5b00000)
  from space 1536K, 82% used [0x00000000d5b00000,0x00000000d5c3d328,0x00000000d5c80000)
  to   space 1536K, 87% used [0x00000000d5c80000,0x00000000d5dcedc8,0x00000000d5e00000)
 ParOldGen       total 128512K, used 128063K [0x0000000080000000, 0x0000000087d80000, 0x00000000d5580000)
  object space 128512K, 99% used [0x0000000080000000,0x0000000087d0fcd8,0x0000000087d80000)
 Metaspace       used 57396K, committed 58752K, reserved 1114112K
  class space    used 6169K, committed 6720K, reserved 1048576K

Card table byte_map: [0x0000018db15e0000,0x0000018db19f0000] _byte_map_base: 0x0000018db11e0000

Marking Bits: (ParMarkBitMap*) 0x00007ffd0bea44a0
 Begin Bits: [0x0000018dc40f0000, 0x0000018dc60f0000)
 End Bits:   [0x0000018dc60f0000, 0x0000018dc80f0000)

Polling page: 0x0000018dafb00000

Metaspace:

Usage:
  Non-class:     50.03 MB used.
      Class:      6.02 MB used.
       Both:     56.05 MB used.

Virtual space:
  Non-class space:       64.00 MB reserved,      50.81 MB ( 79%) committed,  1 nodes.
      Class space:        1.00 GB reserved,       6.56 MB ( <1%) committed,  1 nodes.
             Both:        1.06 GB reserved,      57.38 MB (  5%) committed. 

Chunk freelists:
   Non-Class:  13.05 MB
       Class:  9.38 MB
        Both:  22.42 MB

MaxMetaspaceSize: unlimited
CompressedClassSpaceSize: 1.00 GB
Initial GC threshold: 21.00 MB
Current GC threshold: 58.38 MB
CDS: on
 - commit_granule_bytes: 65536.
 - commit_granule_words: 8192.
 - virtual_space_node_default_size: 8388608.
 - enlarge_chunks_in_place: 1.
 - use_allocation_guard: 0.


Internal statistics:

num_allocs_failed_limit: 6.
num_arena_births: 938.
num_arena_deaths: 14.
num_vsnodes_births: 2.
num_vsnodes_deaths: 0.
num_space_committed: 918.
num_space_uncommitted: 0.
num_chunks_returned_to_freelist: 20.
num_chunks_taken_from_freelist: 3498.
num_chunk_merges: 12.
num_chunk_splits: 2216.
num_chunks_enlarged: 1344.
num_inconsistent_stats: 0.

CodeHeap 'non-profiled nmethods': size=120000Kb used=3932Kb max_used=4007Kb free=116067Kb
 bounds [0x0000018dbc910000, 0x0000018dbcd00000, 0x0000018dc3e40000]
CodeHeap 'profiled nmethods': size=120000Kb used=15318Kb max_used=15960Kb free=104681Kb
 bounds [0x0000018db4e40000, 0x0000018db5de0000, 0x0000018dbc370000]
CodeHeap 'non-nmethods': size=5760Kb used=1478Kb max_used=1478Kb free=4281Kb
 bounds [0x0000018dbc370000, 0x0000018dbc5e0000, 0x0000018dbc910000]
CodeCache: size=245760Kb, used=20728Kb, max_used=21445Kb, free=225029Kb
 total_blobs=7866, nmethods=7121, adapters=649, full_count=0
Compilation: enabled, stopped_count=0, restarted_count=0

Compilation events (20 events):
Event: 15.004 Thread 0x0000018e0aaf0930 7860       2       org.eclipse.jdt.core.Signature::checkName (102 bytes)
Event: 15.005 Thread 0x0000018e0aaf0930 nmethod 7860 0x0000018db5dcf490 code [0x0000018db5dcf680, 0x0000018db5dcf9e0]
Event: 15.026 Thread 0x0000018e0aaf0930 7861       2       java.lang.invoke.InnerClassLambdaMetafactory$ForwardingMethodGenerator::convertArgumentTypes (96 bytes)
Event: 15.027 Thread 0x0000018e0aaf0930 nmethod 7861 0x0000018db5dcfc10 code [0x0000018db5dcfe20, 0x0000018db5dd0270]
Event: 15.027 Thread 0x0000018e0aaf0930 7862       2       java.lang.invoke.InnerClassLambdaMetafactory$ForwardingMethodGenerator::invocationOpcode (104 bytes)
Event: 15.028 Thread 0x0000018e0aaf0930 nmethod 7862 0x0000018db5dd0690 code [0x0000018db5dd08a0, 0x0000018db5dd0ce0]
Event: 15.028 Thread 0x0000018e0aaf0930 7863       2       org.eclipse.jdt.internal.compiler.codegen.ConstantPool::writeU1 (38 bytes)
Event: 15.028 Thread 0x0000018e0aaf0930 nmethod 7863 0x0000018db5dd0f10 code [0x0000018db5dd10c0, 0x0000018db5dd1250]
Event: 15.029 Thread 0x0000018e0aaf0930 7864       2       org.eclipse.jdt.internal.core.NameLookup::findType (70 bytes)
Event: 15.030 Thread 0x0000018e0aaf0930 nmethod 7864 0x0000018db5dd1390 code [0x0000018db5dd1580, 0x0000018db5dd18e0]
Event: 15.030 Thread 0x0000018e0aaf0930 7869       3       org.eclipse.jdt.internal.compiler.util.HashtableOfObject::get (56 bytes)
Event: 15.030 Thread 0x0000018e0aaf0930 nmethod 7869 0x0000018db5dd1b10 code [0x0000018db5dd1d00, 0x0000018db5dd2130]
Event: 15.030 Thread 0x0000018e0aaf0930 7865       2       org.eclipse.jdt.internal.core.SingleTypeRequestor::<init> (10 bytes)
Event: 15.030 Thread 0x0000018e0aaf0930 nmethod 7865 0x0000018db5dd2390 code [0x0000018db5dd2520, 0x0000018db5dd2640]
Event: 15.030 Thread 0x0000018e0aaf0930 7866   !   2       org.eclipse.jdt.internal.core.NameLookup::seekTypes (281 bytes)
Event: 15.032 Thread 0x0000018e0aaf0930 nmethod 7866 0x0000018db5dd2710 code [0x0000018db5dd29e0, 0x0000018db5dd33c8]
Event: 15.032 Thread 0x0000018e0aaf0930 7867       2       org.eclipse.jdt.internal.core.NameLookup::seekTypesInWorkingCopies (441 bytes)
Event: 15.035 Thread 0x0000018e0aaf0930 nmethod 7867 0x0000018db5dd3b90 code [0x0000018db5dd3fc0, 0x0000018db5dd5428]
Event: 15.035 Thread 0x0000018e0aaf0930 7868       2       org.eclipse.jdt.internal.core.SingleTypeRequestor::isCanceled (11 bytes)
Event: 15.035 Thread 0x0000018e0aaf0930 nmethod 7868 0x0000018db5dd5f90 code [0x0000018db5dd6140, 0x0000018db5dd6288]

GC Heap History (20 events):
Event: 14.783 GC heap after
{Heap after GC invocations=83 (full 2):
 PSYoungGen      total 7168K, used 1154K [0x00000000d5580000, 0x00000000d5e00000, 0x0000000100000000)
  eden space 5632K, 0% used [0x00000000d5580000,0x00000000d5580000,0x00000000d5b00000)
  from space 1536K, 75% used [0x00000000d5b00000,0x00000000d5c20a00,0x00000000d5c80000)
  to   space 1536K, 0% used [0x00000000d5c80000,0x00000000d5c80000,0x00000000d5e00000)
 ParOldGen       total 116736K, used 116430K [0x0000000080000000, 0x0000000087200000, 0x00000000d5580000)
  object space 116736K, 99% used [0x0000000080000000,0x00000000871b3bd0,0x0000000087200000)
 Metaspace       used 56395K, committed 57728K, reserved 1114112K
  class space    used 6073K, committed 6656K, reserved 1048576K
}
Event: 14.804 GC heap before
{Heap before GC invocations=84 (full 2):
 PSYoungGen      total 7168K, used 6786K [0x00000000d5580000, 0x00000000d5e00000, 0x0000000100000000)
  eden space 5632K, 100% used [0x00000000d5580000,0x00000000d5b00000,0x00000000d5b00000)
  from space 1536K, 75% used [0x00000000d5b00000,0x00000000d5c20a00,0x00000000d5c80000)
  to   space 1536K, 0% used [0x00000000d5c80000,0x00000000d5c80000,0x00000000d5e00000)
 ParOldGen       total 116736K, used 116430K [0x0000000080000000, 0x0000000087200000, 0x00000000d5580000)
  object space 116736K, 99% used [0x0000000080000000,0x00000000871b3bd0,0x0000000087200000)
 Metaspace       used 56422K, committed 57792K, reserved 1114112K
  class space    used 6077K, committed 6656K, reserved 1048576K
}
Event: 14.805 GC heap after
{Heap after GC invocations=84 (full 2):
 PSYoungGen      total 7168K, used 1357K [0x00000000d5580000, 0x00000000d5e00000, 0x0000000100000000)
  eden space 5632K, 0% used [0x00000000d5580000,0x00000000d5580000,0x00000000d5b00000)
  from space 1536K, 88% used [0x00000000d5c80000,0x00000000d5dd37d0,0x00000000d5e00000)
  to   space 1536K, 0% used [0x00000000d5b00000,0x00000000d5b00000,0x00000000d5c80000)
 ParOldGen       total 117760K, used 117457K [0x0000000080000000, 0x0000000087300000, 0x00000000d5580000)
  object space 117760K, 99% used [0x0000000080000000,0x00000000872b44b8,0x0000000087300000)
 Metaspace       used 56422K, committed 57792K, reserved 1114112K
  class space    used 6077K, committed 6656K, reserved 1048576K
}
Event: 14.822 GC heap before
{Heap before GC invocations=85 (full 2):
 PSYoungGen      total 7168K, used 6989K [0x00000000d5580000, 0x00000000d5e00000, 0x0000000100000000)
  eden space 5632K, 100% used [0x00000000d5580000,0x00000000d5b00000,0x00000000d5b00000)
  from space 1536K, 88% used [0x00000000d5c80000,0x00000000d5dd37d0,0x00000000d5e00000)
  to   space 1536K, 0% used [0x00000000d5b00000,0x00000000d5b00000,0x00000000d5c80000)
 ParOldGen       total 117760K, used 117457K [0x0000000080000000, 0x0000000087300000, 0x00000000d5580000)
  object space 117760K, 99% used [0x0000000080000000,0x00000000872b44b8,0x0000000087300000)
 Metaspace       used 56483K, committed 57792K, reserved 1114112K
  class space    used 6083K, committed 6656K, reserved 1048576K
}
Event: 14.824 GC heap after
{Heap after GC invocations=85 (full 2):
 PSYoungGen      total 7168K, used 1267K [0x00000000d5580000, 0x00000000d5e00000, 0x0000000100000000)
  eden space 5632K, 0% used [0x00000000d5580000,0x00000000d5580000,0x00000000d5b00000)
  from space 1536K, 82% used [0x00000000d5b00000,0x00000000d5c3cdc8,0x00000000d5c80000)
  to   space 1536K, 0% used [0x00000000d5c80000,0x00000000d5c80000,0x00000000d5e00000)
 ParOldGen       total 118784K, used 118681K [0x0000000080000000, 0x0000000087400000, 0x00000000d5580000)
  object space 118784K, 99% used [0x0000000080000000,0x00000000873e6470,0x0000000087400000)
 Metaspace       used 56483K, committed 57792K, reserved 1114112K
  class space    used 6083K, committed 6656K, reserved 1048576K
}
Event: 14.847 GC heap before
{Heap before GC invocations=86 (full 2):
 PSYoungGen      total 7168K, used 6899K [0x00000000d5580000, 0x00000000d5e00000, 0x0000000100000000)
  eden space 5632K, 100% used [0x00000000d5580000,0x00000000d5b00000,0x00000000d5b00000)
  from space 1536K, 82% used [0x00000000d5b00000,0x00000000d5c3cdc8,0x00000000d5c80000)
  to   space 1536K, 0% used [0x00000000d5c80000,0x00000000d5c80000,0x00000000d5e00000)
 ParOldGen       total 118784K, used 118681K [0x0000000080000000, 0x0000000087400000, 0x00000000d5580000)
  object space 118784K, 99% used [0x0000000080000000,0x00000000873e6470,0x0000000087400000)
 Metaspace       used 56567K, committed 57920K, reserved 1114112K
  class space    used 6091K, committed 6656K, reserved 1048576K
}
Event: 14.849 GC heap after
{Heap after GC invocations=86 (full 2):
 PSYoungGen      total 7168K, used 1314K [0x00000000d5580000, 0x00000000d5e00000, 0x0000000100000000)
  eden space 5632K, 0% used [0x00000000d5580000,0x00000000d5580000,0x00000000d5b00000)
  from space 1536K, 85% used [0x00000000d5c80000,0x00000000d5dc8b18,0x00000000d5e00000)
  to   space 1536K, 0% used [0x00000000d5b00000,0x00000000d5b00000,0x00000000d5c80000)
 ParOldGen       total 120320K, used 119826K [0x0000000080000000, 0x0000000087580000, 0x00000000d5580000)
  object space 120320K, 99% used [0x0000000080000000,0x0000000087504818,0x0000000087580000)
 Metaspace       used 56567K, committed 57920K, reserved 1114112K
  class space    used 6091K, committed 6656K, reserved 1048576K
}
Event: 14.874 GC heap before
{Heap before GC invocations=87 (full 2):
 PSYoungGen      total 7168K, used 6946K [0x00000000d5580000, 0x00000000d5e00000, 0x0000000100000000)
  eden space 5632K, 100% used [0x00000000d5580000,0x00000000d5b00000,0x00000000d5b00000)
  from space 1536K, 85% used [0x00000000d5c80000,0x00000000d5dc8b18,0x00000000d5e00000)
  to   space 1536K, 0% used [0x00000000d5b00000,0x00000000d5b00000,0x00000000d5c80000)
 ParOldGen       total 120320K, used 119826K [0x0000000080000000, 0x0000000087580000, 0x00000000d5580000)
  object space 120320K, 99% used [0x0000000080000000,0x0000000087504818,0x0000000087580000)
 Metaspace       used 56638K, committed 57984K, reserved 1114112K
  class space    used 6095K, committed 6656K, reserved 1048576K
}
Event: 14.876 GC heap after
{Heap after GC invocations=87 (full 2):
 PSYoungGen      total 7168K, used 1470K [0x00000000d5580000, 0x00000000d5e00000, 0x0000000100000000)
  eden space 5632K, 0% used [0x00000000d5580000,0x00000000d5580000,0x00000000d5b00000)
  from space 1536K, 95% used [0x00000000d5b00000,0x00000000d5c6fa08,0x00000000d5c80000)
  to   space 1536K, 0% used [0x00000000d5c80000,0x00000000d5c80000,0x00000000d5e00000)
 ParOldGen       total 121344K, used 121009K [0x0000000080000000, 0x0000000087680000, 0x00000000d5580000)
  object space 121344K, 99% used [0x0000000080000000,0x000000008762c5c8,0x0000000087680000)
 Metaspace       used 56638K, committed 57984K, reserved 1114112K
  class space    used 6095K, committed 6656K, reserved 1048576K
}
Event: 14.897 GC heap before
{Heap before GC invocations=88 (full 2):
 PSYoungGen      total 7168K, used 7102K [0x00000000d5580000, 0x00000000d5e00000, 0x0000000100000000)
  eden space 5632K, 100% used [0x00000000d5580000,0x00000000d5b00000,0x00000000d5b00000)
  from space 1536K, 95% used [0x00000000d5b00000,0x00000000d5c6fa08,0x00000000d5c80000)
  to   space 1536K, 0% used [0x00000000d5c80000,0x00000000d5c80000,0x00000000d5e00000)
 ParOldGen       total 121344K, used 121009K [0x0000000080000000, 0x0000000087680000, 0x00000000d5580000)
  object space 121344K, 99% used [0x0000000080000000,0x000000008762c5c8,0x0000000087680000)
 Metaspace       used 56839K, committed 58176K, reserved 1114112K
  class space    used 6106K, committed 6656K, reserved 1048576K
}
Event: 14.900 GC heap after
{Heap after GC invocations=88 (full 2):
 PSYoungGen      total 7168K, used 1335K [0x00000000d5580000, 0x00000000d5e00000, 0x0000000100000000)
  eden space 5632K, 0% used [0x00000000d5580000,0x00000000d5580000,0x00000000d5b00000)
  from space 1536K, 86% used [0x00000000d5c80000,0x00000000d5dcdcd0,0x00000000d5e00000)
  to   space 1536K, 0% used [0x00000000d5b00000,0x00000000d5b00000,0x00000000d5c80000)
 ParOldGen       total 122368K, used 122325K [0x0000000080000000, 0x0000000087780000, 0x00000000d5580000)
  object space 122368K, 99% used [0x0000000080000000,0x0000000087775610,0x0000000087780000)
 Metaspace       used 56839K, committed 58176K, reserved 1114112K
  class space    used 6106K, committed 6656K, reserved 1048576K
}
Event: 14.928 GC heap before
{Heap before GC invocations=89 (full 2):
 PSYoungGen      total 7168K, used 6962K [0x00000000d5580000, 0x00000000d5e00000, 0x0000000100000000)
  eden space 5632K, 99% used [0x00000000d5580000,0x00000000d5afed68,0x00000000d5b00000)
  from space 1536K, 86% used [0x00000000d5c80000,0x00000000d5dcdcd0,0x00000000d5e00000)
  to   space 1536K, 0% used [0x00000000d5b00000,0x00000000d5b00000,0x00000000d5c80000)
 ParOldGen       total 122368K, used 122325K [0x0000000080000000, 0x0000000087780000, 0x00000000d5580000)
  object space 122368K, 99% used [0x0000000080000000,0x0000000087775610,0x0000000087780000)
 Metaspace       used 56912K, committed 58240K, reserved 1114112K
  class space    used 6113K, committed 6656K, reserved 1048576K
}
Event: 14.930 GC heap after
{Heap after GC invocations=89 (full 2):
 PSYoungGen      total 7168K, used 1385K [0x00000000d5580000, 0x00000000d5e00000, 0x0000000100000000)
  eden space 5632K, 0% used [0x00000000d5580000,0x00000000d5580000,0x00000000d5b00000)
  from space 1536K, 90% used [0x00000000d5b00000,0x00000000d5c5a438,0x00000000d5c80000)
  to   space 1536K, 0% used [0x00000000d5c80000,0x00000000d5c80000,0x00000000d5e00000)
 ParOldGen       total 123904K, used 123464K [0x0000000080000000, 0x0000000087900000, 0x00000000d5580000)
  object space 123904K, 99% used [0x0000000080000000,0x00000000878921a0,0x0000000087900000)
 Metaspace       used 56912K, committed 58240K, reserved 1114112K
  class space    used 6113K, committed 6656K, reserved 1048576K
}
Event: 14.986 GC heap before
{Heap before GC invocations=90 (full 2):
 PSYoungGen      total 7168K, used 7017K [0x00000000d5580000, 0x00000000d5e00000, 0x0000000100000000)
  eden space 5632K, 100% used [0x00000000d5580000,0x00000000d5b00000,0x00000000d5b00000)
  from space 1536K, 90% used [0x00000000d5b00000,0x00000000d5c5a438,0x00000000d5c80000)
  to   space 1536K, 0% used [0x00000000d5c80000,0x00000000d5c80000,0x00000000d5e00000)
 ParOldGen       total 123904K, used 123464K [0x0000000080000000, 0x0000000087900000, 0x00000000d5580000)
  object space 123904K, 99% used [0x0000000080000000,0x00000000878921a0,0x0000000087900000)
 Metaspace       used 57121K, committed 58496K, reserved 1114112K
  class space    used 6137K, committed 6720K, reserved 1048576K
}
Event: 14.991 GC heap after
{Heap after GC invocations=90 (full 2):
 PSYoungGen      total 7168K, used 1071K [0x00000000d5580000, 0x00000000d5e00000, 0x0000000100000000)
  eden space 5632K, 0% used [0x00000000d5580000,0x00000000d5580000,0x00000000d5b00000)
  from space 1536K, 69% used [0x00000000d5c80000,0x00000000d5d8be40,0x00000000d5e00000)
  to   space 1536K, 0% used [0x00000000d5b00000,0x00000000d5b00000,0x00000000d5c80000)
 ParOldGen       total 126464K, used 126431K [0x0000000080000000, 0x0000000087b80000, 0x00000000d5580000)
  object space 126464K, 99% used [0x0000000080000000,0x0000000087b77cf8,0x0000000087b80000)
 Metaspace       used 57121K, committed 58496K, reserved 1114112K
  class space    used 6137K, committed 6720K, reserved 1048576K
}
Event: 15.018 GC heap before
{Heap before GC invocations=91 (full 2):
 PSYoungGen      total 7168K, used 6703K [0x00000000d5580000, 0x00000000d5e00000, 0x0000000100000000)
  eden space 5632K, 100% used [0x00000000d5580000,0x00000000d5b00000,0x00000000d5b00000)
  from space 1536K, 69% used [0x00000000d5c80000,0x00000000d5d8be40,0x00000000d5e00000)
  to   space 1536K, 0% used [0x00000000d5b00000,0x00000000d5b00000,0x00000000d5c80000)
 ParOldGen       total 126464K, used 126431K [0x0000000080000000, 0x0000000087b80000, 0x00000000d5580000)
  object space 126464K, 99% used [0x0000000080000000,0x0000000087b77cf8,0x0000000087b80000)
 Metaspace       used 57295K, committed 58624K, reserved 1114112K
  class space    used 6154K, committed 6720K, reserved 1048576K
}
Event: 15.020 GC heap after
{Heap after GC invocations=91 (full 2):
 PSYoungGen      total 7168K, used 1268K [0x00000000d5580000, 0x00000000d5e00000, 0x0000000100000000)
  eden space 5632K, 0% used [0x00000000d5580000,0x00000000d5580000,0x00000000d5b00000)
  from space 1536K, 82% used [0x00000000d5b00000,0x00000000d5c3d328,0x00000000d5c80000)
  to   space 1536K, 0% used [0x00000000d5c80000,0x00000000d5c80000,0x00000000d5e00000)
 ParOldGen       total 127488K, used 127340K [0x0000000080000000, 0x0000000087c80000, 0x00000000d5580000)
  object space 127488K, 99% used [0x0000000080000000,0x0000000087c5b040,0x0000000087c80000)
 Metaspace       used 57295K, committed 58624K, reserved 1114112K
  class space    used 6154K, committed 6720K, reserved 1048576K
}
Event: 15.043 GC heap before
{Heap before GC invocations=92 (full 2):
 PSYoungGen      total 7168K, used 6900K [0x00000000d5580000, 0x00000000d5e00000, 0x0000000100000000)
  eden space 5632K, 100% used [0x00000000d5580000,0x00000000d5b00000,0x00000000d5b00000)
  from space 1536K, 82% used [0x00000000d5b00000,0x00000000d5c3d328,0x00000000d5c80000)
  to   space 1536K, 0% used [0x00000000d5c80000,0x00000000d5c80000,0x00000000d5e00000)
 ParOldGen       total 127488K, used 127340K [0x0000000080000000, 0x0000000087c80000, 0x00000000d5580000)
  object space 127488K, 99% used [0x0000000080000000,0x0000000087c5b040,0x0000000087c80000)
 Metaspace       used 57396K, committed 58752K, reserved 1114112K
  class space    used 6169K, committed 6720K, reserved 1048576K
}
Event: 15.062 GC heap after
{Heap after GC invocations=92 (full 2):
 PSYoungGen      total 7168K, used 6900K [0x00000000d5580000, 0x00000000d5e00000, 0x0000000100000000)
  eden space 5632K, 100% used [0x00000000d5580000,0x00000000d5b00000,0x00000000d5b00000)
  from space 1536K, 82% used [0x00000000d5b00000,0x00000000d5c3d328,0x00000000d5c80000)
  to   space 1536K, 87% used [0x00000000d5c80000,0x00000000d5dcedc8,0x00000000d5e00000)
 ParOldGen       total 128512K, used 128063K [0x0000000080000000, 0x0000000087d80000, 0x00000000d5580000)
  object space 128512K, 99% used [0x0000000080000000,0x0000000087d0fcd8,0x0000000087d80000)
 Metaspace       used 57396K, committed 58752K, reserved 1114112K
  class space    used 6169K, committed 6720K, reserved 1048576K
}
Event: 15.062 GC heap before
{Heap before GC invocations=93 (full 3):
 PSYoungGen      total 7168K, used 6900K [0x00000000d5580000, 0x00000000d5e00000, 0x0000000100000000)
  eden space 5632K, 100% used [0x00000000d5580000,0x00000000d5b00000,0x00000000d5b00000)
  from space 1536K, 82% used [0x00000000d5b00000,0x00000000d5c3d328,0x00000000d5c80000)
  to   space 1536K, 87% used [0x00000000d5c80000,0x00000000d5dcedc8,0x00000000d5e00000)
 ParOldGen       total 128512K, used 128063K [0x0000000080000000, 0x0000000087d80000, 0x00000000d5580000)
  object space 128512K, 99% used [0x0000000080000000,0x0000000087d0fcd8,0x0000000087d80000)
 Metaspace       used 57396K, committed 58752K, reserved 1114112K
  class space    used 6169K, committed 6720K, reserved 1048576K
}

Dll operation events (20 events):
Event: 0.018 Attempting to load shared library c:\Users\bhask\.vscode\extensions\redhat.java-1.56.0-win32-x64\jre\21.0.12.1-win32-x86_64\bin\java.dll
Event: 0.018 Loaded shared library c:\Users\bhask\.vscode\extensions\redhat.java-1.56.0-win32-x64\jre\21.0.12.1-win32-x86_64\bin\java.dll
Event: 0.156 Attempting to load shared library c:\Users\bhask\.vscode\extensions\redhat.java-1.56.0-win32-x64\jre\21.0.12.1-win32-x86_64\bin\zip.dll
Event: 0.158 Loaded shared library c:\Users\bhask\.vscode\extensions\redhat.java-1.56.0-win32-x64\jre\21.0.12.1-win32-x86_64\bin\zip.dll
Event: 0.190 Attempting to load shared library C:\Users\bhask\.vscode\extensions\redhat.java-1.56.0-win32-x64\jre\21.0.12.1-win32-x86_64\bin\instrument.dll
Event: 0.190 Loaded shared library C:\Users\bhask\.vscode\extensions\redhat.java-1.56.0-win32-x64\jre\21.0.12.1-win32-x86_64\bin\instrument.dll
Event: 0.195 Attempting to load shared library C:\Users\bhask\.vscode\extensions\redhat.java-1.56.0-win32-x64\jre\21.0.12.1-win32-x86_64\bin\net.dll
Event: 0.197 Loaded shared library C:\Users\bhask\.vscode\extensions\redhat.java-1.56.0-win32-x64\jre\21.0.12.1-win32-x86_64\bin\net.dll
Event: 0.201 Attempting to load shared library C:\Users\bhask\.vscode\extensions\redhat.java-1.56.0-win32-x64\jre\21.0.12.1-win32-x86_64\bin\nio.dll
Event: 0.202 Loaded shared library C:\Users\bhask\.vscode\extensions\redhat.java-1.56.0-win32-x64\jre\21.0.12.1-win32-x86_64\bin\nio.dll
Event: 0.207 Attempting to load shared library C:\Users\bhask\.vscode\extensions\redhat.java-1.56.0-win32-x64\jre\21.0.12.1-win32-x86_64\bin\zip.dll
Event: 0.207 Loaded shared library C:\Users\bhask\.vscode\extensions\redhat.java-1.56.0-win32-x64\jre\21.0.12.1-win32-x86_64\bin\zip.dll
Event: 0.232 Attempting to load shared library C:\Users\bhask\.vscode\extensions\redhat.java-1.56.0-win32-x64\jre\21.0.12.1-win32-x86_64\bin\jimage.dll
Event: 0.232 Loaded shared library C:\Users\bhask\.vscode\extensions\redhat.java-1.56.0-win32-x64\jre\21.0.12.1-win32-x86_64\bin\jimage.dll
Event: 0.367 Attempting to load shared library c:\Users\bhask\.vscode\extensions\redhat.java-1.56.0-win32-x64\jre\21.0.12.1-win32-x86_64\bin\verify.dll
Event: 0.368 Loaded shared library c:\Users\bhask\.vscode\extensions\redhat.java-1.56.0-win32-x64\jre\21.0.12.1-win32-x86_64\bin\verify.dll
Event: 1.864 Attempting to load shared library C:\Users\bhask\AppData\Roaming\Code\User\globalStorage\redhat.java\1.56.0\config_win\org.eclipse.equinox.launcher\org.eclipse.equinox.launcher.win32.win32.x86_64_1.3.100.v20260804-1928\eclipse_11924.dll
Event: 1.872 Loaded shared library C:\Users\bhask\AppData\Roaming\Code\User\globalStorage\redhat.java\1.56.0\config_win\org.eclipse.equinox.launcher\org.eclipse.equinox.launcher.win32.win32.x86_64_1.3.100.v20260804-1928\eclipse_11924.dll
Event: 5.763 Attempting to load shared library C:\Users\bhask\AppData\Local\Temp\jna-93700211\jna14176193645597484550.dll
Event: 5.836 Loaded shared library C:\Users\bhask\AppData\Local\Temp\jna-93700211\jna14176193645597484550.dll

Deoptimization events (20 events):
Event: 14.973 Thread 0x0000018e10b78d50 DEOPT PACKING pc=0x0000018db5b8db22 sp=0x0000001e4c4fe930
Event: 14.973 Thread 0x0000018e10b78d50 DEOPT UNPACKING pc=0x0000018dbc3c4242 sp=0x0000001e4c4fdea8 mode 0
Event: 14.992 Thread 0x0000018e10b78d50 DEOPT PACKING pc=0x0000018db5af4474 sp=0x0000001e4c4fea10
Event: 14.992 Thread 0x0000018e10b78d50 DEOPT UNPACKING pc=0x0000018dbc3c4242 sp=0x0000001e4c4fde88 mode 0
Event: 14.998 Thread 0x0000018e10b78d50 DEOPT PACKING pc=0x0000018db5b8db22 sp=0x0000001e4c4fe930
Event: 14.998 Thread 0x0000018e10b78d50 DEOPT UNPACKING pc=0x0000018dbc3c4242 sp=0x0000001e4c4fdea8 mode 0
Event: 15.008 Thread 0x0000018e10b78d50 DEOPT PACKING pc=0x0000018db5b8db22 sp=0x0000001e4c4fe930
Event: 15.008 Thread 0x0000018e10b78d50 DEOPT UNPACKING pc=0x0000018dbc3c4242 sp=0x0000001e4c4fdea8 mode 0
Event: 15.012 Thread 0x0000018e10b78d50 DEOPT PACKING pc=0x0000018db5af4474 sp=0x0000001e4c4fe8e0
Event: 15.012 Thread 0x0000018e10b78d50 DEOPT UNPACKING pc=0x0000018dbc3c4242 sp=0x0000001e4c4fdd58 mode 0
Event: 15.016 Thread 0x0000018e10b78d50 DEOPT PACKING pc=0x0000018db5b8db22 sp=0x0000001e4c4fe930
Event: 15.016 Thread 0x0000018e10b78d50 DEOPT UNPACKING pc=0x0000018dbc3c4242 sp=0x0000001e4c4fdea8 mode 0
Event: 15.026 Thread 0x0000018e10b78d50 DEOPT PACKING pc=0x0000018db5af4474 sp=0x0000001e4c4fea10
Event: 15.026 Thread 0x0000018e10b78d50 DEOPT UNPACKING pc=0x0000018dbc3c4242 sp=0x0000001e4c4fde88 mode 0
Event: 15.029 Thread 0x0000018e10b78d50 DEOPT PACKING pc=0x0000018db5b8db22 sp=0x0000001e4c4fe930
Event: 15.029 Thread 0x0000018e10b78d50 DEOPT UNPACKING pc=0x0000018dbc3c4242 sp=0x0000001e4c4fdea8 mode 0
Event: 15.038 Thread 0x0000018e10b78d50 DEOPT PACKING pc=0x0000018db5b8db22 sp=0x0000001e4c4fe930
Event: 15.038 Thread 0x0000018e10b78d50 DEOPT UNPACKING pc=0x0000018dbc3c4242 sp=0x0000001e4c4fdea8 mode 0
Event: 15.042 Thread 0x0000018e10b78d50 DEOPT PACKING pc=0x0000018db5af4474 sp=0x0000001e4c4fe800
Event: 15.042 Thread 0x0000018e10b78d50 DEOPT UNPACKING pc=0x0000018dbc3c4242 sp=0x0000001e4c4fdc78 mode 0

Classes loaded (20 events):
Event: 14.327 Loading class java/util/Collections$SynchronizedRandomAccessList
Event: 14.327 Loading class java/util/Collections$SynchronizedList
Event: 14.328 Loading class java/util/Collections$SynchronizedList done
Event: 14.328 Loading class java/util/Collections$SynchronizedRandomAccessList done
Event: 14.375 Loading class java/util/concurrent/CompletableFuture$Signaller
Event: 14.375 Loading class java/util/concurrent/CompletableFuture$Signaller done
Event: 14.447 Loading class java/util/Hashtable$ValueCollection
Event: 14.447 Loading class java/util/Hashtable$ValueCollection done
Event: 14.580 Loading class java/nio/charset/CharacterCodingException
Event: 14.580 Loading class java/nio/charset/CharacterCodingException done
Event: 14.580 Loading class java/io/SequenceInputStream
Event: 14.582 Loading class java/io/SequenceInputStream done
Event: 14.626 Loading class java/util/WeakHashMap$KeyIterator
Event: 14.626 Loading class java/util/WeakHashMap$KeyIterator done
Event: 14.734 Loading class java/util/stream/ReduceOps$4
Event: 14.734 Loading class java/util/stream/ReduceOps$4 done
Event: 14.734 Loading class java/util/stream/ReduceOps$4ReducingSink
Event: 14.734 Loading class java/util/stream/ReduceOps$4ReducingSink done
Event: 14.818 Loading class java/util/concurrent/ForkJoinTask$AdaptedCallable
Event: 14.819 Loading class java/util/concurrent/ForkJoinTask$AdaptedCallable done

Classes unloaded (7 events):
Event: 6.605 Thread 0x0000018db1ce6330 Unloading class 0x0000018dca1acc00 'java/lang/invoke/LambdaForm$MH+0x0000018dca1acc00'
Event: 6.605 Thread 0x0000018db1ce6330 Unloading class 0x0000018dca1ac800 'java/lang/invoke/LambdaForm$MH+0x0000018dca1ac800'
Event: 6.605 Thread 0x0000018db1ce6330 Unloading class 0x0000018dca1ac400 'java/lang/invoke/LambdaForm$MH+0x0000018dca1ac400'
Event: 6.606 Thread 0x0000018db1ce6330 Unloading class 0x0000018dca1ac000 'java/lang/invoke/LambdaForm$MH+0x0000018dca1ac000'
Event: 6.606 Thread 0x0000018db1ce6330 Unloading class 0x0000018dca1abc00 'java/lang/invoke/LambdaForm$BMH+0x0000018dca1abc00'
Event: 6.606 Thread 0x0000018db1ce6330 Unloading class 0x0000018dca1ab800 'java/lang/invoke/LambdaForm$DMH+0x0000018dca1ab800'
Event: 6.606 Thread 0x0000018db1ce6330 Unloading class 0x0000018dca1aa400 'java/lang/invoke/LambdaForm$DMH+0x0000018dca1aa400'

Classes redefined (0 events):
No events

Internal exceptions (20 events):
Event: 10.861 Thread 0x0000018e10b79a70 Exception <a 'sun/nio/fs/WindowsException'{0x00000000d64e5fa8}> (0x00000000d64e5fa8) 
thrown [s\src\hotspot\share\prims\jni.cpp, line 520]
Event: 10.861 Thread 0x0000018e10b79a70 Exception <a 'sun/nio/fs/WindowsException'{0x00000000d64e65f8}> (0x00000000d64e65f8) 
thrown [s\src\hotspot\share\prims\jni.cpp, line 520]
Event: 10.861 Thread 0x0000018e10b79a70 Exception <a 'sun/nio/fs/WindowsException'{0x00000000d64e6c48}> (0x00000000d64e6c48) 
thrown [s\src\hotspot\share\prims\jni.cpp, line 520]
Event: 10.861 Thread 0x0000018e10b79a70 Exception <a 'sun/nio/fs/WindowsException'{0x00000000d64e72b0}> (0x00000000d64e72b0) 
thrown [s\src\hotspot\share\prims\jni.cpp, line 520]
Event: 10.863 Thread 0x0000018e10b79a70 Exception <a 'sun/nio/fs/WindowsException'{0x00000000d64ee208}> (0x00000000d64ee208) 
thrown [s\src\hotspot\share\prims\jni.cpp, line 520]
Event: 10.872 Thread 0x0000018e10b79a70 Exception <a 'sun/nio/fs/WindowsException'{0x00000000d64f2fe0}> (0x00000000d64f2fe0) 
thrown [s\src\hotspot\share\prims\jni.cpp, line 520]
Event: 10.874 Thread 0x0000018e10b79a70 Exception <a 'sun/nio/fs/WindowsException'{0x00000000d64fa688}> (0x00000000d64fa688) 
thrown [s\src\hotspot\share\prims\jni.cpp, line 520]
Event: 10.876 Thread 0x0000018e10b79a70 Exception <a 'sun/nio/fs/WindowsException'{0x00000000d64ff9c8}> (0x00000000d64ff9c8) 
thrown [s\src\hotspot\share\prims\jni.cpp, line 520]
Event: 10.880 Thread 0x0000018e10b79a70 Exception <a 'sun/nio/fs/WindowsException'{0x00000000d6598c70}> (0x00000000d6598c70) 
thrown [s\src\hotspot\share\prims\jni.cpp, line 520]
Event: 10.883 Thread 0x0000018e10b79a70 Exception <a 'sun/nio/fs/WindowsException'{0x00000000d659ba00}> (0x00000000d659ba00) 
thrown [s\src\hotspot\share\prims\jni.cpp, line 520]
Event: 10.885 Thread 0x0000018e10b79a70 Exception <a 'sun/nio/fs/WindowsException'{0x00000000d65a1060}> (0x00000000d65a1060) 
thrown [s\src\hotspot\share\prims\jni.cpp, line 520]
Event: 10.888 Thread 0x0000018e10b79a70 Exception <a 'sun/nio/fs/WindowsException'{0x00000000d65a4358}> (0x00000000d65a4358) 
thrown [s\src\hotspot\share\prims\jni.cpp, line 520]
Event: 11.181 Thread 0x0000018e10b79a70 Exception <a 'java/lang/NoSuchMethodError'{0x00000000d6012ea0}: 'java.lang.Object java.lang.invoke.Invokers$Holder.invoke_MT(java.lang.Object, java.lang.Object, java.lang.Object, java.lang.Object, java.lang.Object, java.lang.Object, java.lang.Object, java.lang.Object, java.lang.Object, java.lang.Object)'> (0x00000000d6012ea0) 
thrown [s\src\hotspot\share\interpreter\linkResolver.cpp, line 773]
Event: 12.434 Thread 0x0000018e10b79a70 Exception <a 'java/lang/NoSuchMethodError'{0x00000000d61db080}: 'int java.lang.invoke.Invokers$Holder.invokeExact_MT(java.lang.Object, java.lang.Object)'> (0x00000000d61db080) 
thrown [s\src\hotspot\share\interpreter\linkResolver.cpp, line 773]
Event: 13.222 Thread 0x0000018e10b78d50 Implicit null exception at 0x0000018dbcc3b6e9 to 0x0000018dbcc3b8bc
Event: 14.606 Thread 0x0000018e12e46f30 Exception <a 'java/io/FileNotFoundException'{0x00000000d55803c8}> (0x00000000d55803c8) 
thrown [s\src\hotspot\share\prims\jni.cpp, line 520]
Event: 14.608 Thread 0x0000018e12e46f30 Exception <a 'java/io/FileNotFoundException'{0x00000000d55813e0}> (0x00000000d55813e0) 
thrown [s\src\hotspot\share\prims\jni.cpp, line 520]
Event: 14.660 Thread 0x0000018e12e46f30 Exception <a 'java/lang/IncompatibleClassChangeError'{0x00000000d5a77a88}: Found class java.lang.Object, but interface was expected> (0x00000000d5a77a88) 
thrown [s\src\hotspot\share\interpreter\linkResolver.cpp, line 840]
Event: 14.737 Thread 0x0000018e12e46f30 Exception <a 'java/lang/NoSuchMethodError'{0x00000000d58fabb8}: 'int java.lang.invoke.DirectMethodHandle$Holder.invokeSpecialIFC(java.lang.Object, java.lang.Object, java.lang.Object)'> (0x00000000d58fabb8) 
thrown [s\src\hotspot\share\interpreter\linkResolver.cpp, line 773]
Event: 14.995 Thread 0x0000018e12e46f30 Exception <a 'java/lang/NoSuchMethodError'{0x00000000d560daa0}: 'void java.lang.invoke.DirectMethodHandle$Holder.invokeStatic(java.lang.Object, int, java.lang.Object)'> (0x00000000d560daa0) 
thrown [s\src\hotspot\share\interpreter\linkResolver.cpp, line 773]

ZGC Phase Switch (0 events):
No events

VM Operations (20 events):
Event: 14.783 Executing safepoint VM operation: ParallelGCFailedAllocation (Allocation Failure) done
Event: 14.804 Executing safepoint VM operation: ParallelGCFailedAllocation (Allocation Failure)
Event: 14.805 Executing safepoint VM operation: ParallelGCFailedAllocation (Allocation Failure) done
Event: 14.822 Executing safepoint VM operation: ParallelGCFailedAllocation (Allocation Failure)
Event: 14.824 Executing safepoint VM operation: ParallelGCFailedAllocation (Allocation Failure) done
Event: 14.845 Executing non-safepoint VM operation: HandshakeAllThreads (Deoptimize)
Event: 14.845 Executing non-safepoint VM operation: HandshakeAllThreads (Deoptimize) done
Event: 14.846 Executing safepoint VM operation: ParallelGCFailedAllocation (Allocation Failure)
Event: 14.849 Executing safepoint VM operation: ParallelGCFailedAllocation (Allocation Failure) done
Event: 14.874 Executing safepoint VM operation: ParallelGCFailedAllocation (Allocation Failure)
Event: 14.876 Executing safepoint VM operation: ParallelGCFailedAllocation (Allocation Failure) done
Event: 14.897 Executing safepoint VM operation: ParallelGCFailedAllocation (Allocation Failure)
Event: 14.900 Executing safepoint VM operation: ParallelGCFailedAllocation (Allocation Failure) done
Event: 14.928 Executing safepoint VM operation: ParallelGCFailedAllocation (Allocation Failure)
Event: 14.930 Executing safepoint VM operation: ParallelGCFailedAllocation (Allocation Failure) done
Event: 14.986 Executing safepoint VM operation: ParallelGCFailedAllocation (Allocation Failure)
Event: 14.991 Executing safepoint VM operation: ParallelGCFailedAllocation (Allocation Failure) done
Event: 15.018 Executing safepoint VM operation: ParallelGCFailedAllocation (Allocation Failure)
Event: 15.020 Executing safepoint VM operation: ParallelGCFailedAllocation (Allocation Failure) done
Event: 15.043 Executing safepoint VM operation: ParallelGCFailedAllocation (Allocation Failure)

Memory protections (0 events):
No events

Nmethod flushes (20 events):
Event: 7.688 Thread 0x0000018db1ce6330 flushing  nmethod 0x0000018db5396a10
Event: 7.688 Thread 0x0000018db1ce6330 flushing  nmethod 0x0000018db53f8d90
Event: 7.688 Thread 0x0000018db1ce6330 flushing  nmethod 0x0000018db5437f10
Event: 7.688 Thread 0x0000018db1ce6330 flushing  nmethod 0x0000018db5476290
Event: 7.688 Thread 0x0000018db1ce6330 flushing  nmethod 0x0000018db5476b10
Event: 7.688 Thread 0x0000018db1ce6330 flushing  nmethod 0x0000018db5477410
Event: 7.688 Thread 0x0000018db1ce6330 flushing  nmethod 0x0000018db5478610
Event: 7.688 Thread 0x0000018db1ce6330 flushing  nmethod 0x0000018db5478e10
Event: 7.688 Thread 0x0000018db1ce6330 flushing  nmethod 0x0000018db547b690
Event: 7.688 Thread 0x0000018db1ce6330 flushing  nmethod 0x0000018db547d090
Event: 7.688 Thread 0x0000018db1ce6330 flushing  nmethod 0x0000018db547e390
Event: 7.688 Thread 0x0000018db1ce6330 flushing  nmethod 0x0000018db547e890
Event: 7.688 Thread 0x0000018db1ce6330 flushing  nmethod 0x0000018db547f310
Event: 7.688 Thread 0x0000018db1ce6330 flushing  nmethod 0x0000018db54c3f10
Event: 7.688 Thread 0x0000018db1ce6330 flushing  nmethod 0x0000018db54c8f90
Event: 7.688 Thread 0x0000018db1ce6330 flushing  nmethod 0x0000018db54dad10
Event: 7.688 Thread 0x0000018db1ce6330 flushing  nmethod 0x0000018db54e3f90
Event: 7.688 Thread 0x0000018db1ce6330 flushing  nmethod 0x0000018db551c790
Event: 7.688 Thread 0x0000018db1ce6330 flushing  nmethod 0x0000018db5551e90
Event: 7.688 Thread 0x0000018db1ce6330 flushing  nmethod 0x0000018db5571f10

Events (20 events):
Event: 7.483 Thread 0x0000018daf865d70 Thread added: 0x0000018e10b7a790
Event: 7.484 Thread 0x0000018daf865d70 Thread added: 0x0000018e10b7a100
Event: 7.484 Thread 0x0000018daf865d70 Thread added: 0x0000018e10b779a0
Event: 7.484 Thread 0x0000018daf865d70 Thread added: 0x0000018e12e44e60
Event: 7.484 Thread 0x0000018daf865d70 Thread added: 0x0000018e12e42d90
Event: 7.484 Thread 0x0000018daf865d70 Thread added: 0x0000018e12e454f0
Event: 7.484 Thread 0x0000018daf865d70 Thread added: 0x0000018e12e43420
Event: 7.485 Thread 0x0000018daf865d70 Thread added: 0x0000018e12e42070
Event: 7.485 Thread 0x0000018daf865d70 Thread added: 0x0000018e12e43ab0
Event: 7.485 Thread 0x0000018daf865d70 Thread added: 0x0000018e12e44140
Event: 7.485 Thread 0x0000018daf865d70 Thread added: 0x0000018e12e447d0
Event: 7.485 Thread 0x0000018daf865d70 Thread added: 0x0000018e12e45b80
Event: 7.485 Thread 0x0000018daf865d70 Thread added: 0x0000018e12e42700
Event: 7.520 Thread 0x0000018daf865d70 Thread added: 0x0000018e12e47c50
Event: 7.719 Thread 0x0000018daf865d70 Thread added: 0x0000018e12e482e0
Event: 7.719 Thread 0x0000018daf865d70 Thread added: 0x0000018e12e46f30
Event: 7.881 Thread 0x0000018e10b786c0 Thread added: 0x0000018e12e475c0
Event: 10.713 Thread 0x0000018e10b79a70 Thread added: 0x0000018e12e49000
Event: 14.237 Thread 0x0000018e12e49000 Thread exited: 0x0000018e12e49000
Event: 14.820 Thread 0x0000018e12e46f30 Thread added: 0x0000018e12e49000


Dynamic libraries:
0x00007ff714a20000 - 0x00007ff714a2e000 	c:\Users\bhask\.vscode\extensions\redhat.java-1.56.0-win32-x64\jre\21.0.12.1-win32-x86_64\bin\java.exe
0x00007ffdf7fa0000 - 0x00007ffdf8207000 	C:\WINDOWS\SYSTEM32\ntdll.dll
0x00007ffdf6220000 - 0x00007ffdf62eb000 	C:\WINDOWS\System32\KERNEL32.DLL
0x00007ffdf53c0000 - 0x00007ffdf57c2000 	C:\WINDOWS\System32\KERNELBASE.dll
0x00007ffdf1ae0000 - 0x00007ffdf1b7f000 	C:\WINDOWS\SYSTEM32\apphelp.dll
0x00007ffdf5260000 - 0x00007ffdf53ac000 	C:\WINDOWS\System32\ucrtbase.dll
0x00007ffde0a40000 - 0x00007ffde0a58000 	c:\Users\bhask\.vscode\extensions\redhat.java-1.56.0-win32-x64\jre\21.0.12.1-win32-x86_64\bin\jli.dll
0x00007ffdf13a0000 - 0x00007ffdf13be000 	c:\Users\bhask\.vscode\extensions\redhat.java-1.56.0-win32-x64\jre\21.0.12.1-win32-x86_64\bin\VCRUNTIME140.dll
0x00007ffdf7570000 - 0x00007ffdf773f000 	C:\WINDOWS\System32\USER32.dll
0x00007ffdf5c90000 - 0x00007ffdf5cb7000 	C:\WINDOWS\System32\win32u.dll
0x00007ffde0d10000 - 0x00007ffde0fa0000 	C:\WINDOWS\WinSxS\amd64_microsoft.windows.common-controls_6595b64144ccf1df_6.0.26100.9278_none_3e0d1ba8e3303201\COMCTL32.dll
0x00007ffdf77c0000 - 0x00007ffdf7869000 	C:\WINDOWS\System32\msvcrt.dll
0x00007ffdf5f50000 - 0x00007ffdf5f7b000 	C:\WINDOWS\System32\GDI32.dll
0x00007ffdf5920000 - 0x00007ffdf5a49000 	C:\WINDOWS\System32\gdi32full.dll
0x00007ffdf5be0000 - 0x00007ffdf5c83000 	C:\WINDOWS\System32\msvcp_win.dll
0x00007ffdf7410000 - 0x00007ffdf7441000 	C:\WINDOWS\System32\IMM32.DLL
0x00007ffdf13e0000 - 0x00007ffdf13ec000 	c:\Users\bhask\.vscode\extensions\redhat.java-1.56.0-win32-x64\jre\21.0.12.1-win32-x86_64\bin\vcruntime140_1.dll
0x00007ffdbf360000 - 0x00007ffdbf3ed000 	c:\Users\bhask\.vscode\extensions\redhat.java-1.56.0-win32-x64\jre\21.0.12.1-win32-x86_64\bin\msvcp140.dll
0x00007ffd0b1e0000 - 0x00007ffd0bf82000 	c:\Users\bhask\.vscode\extensions\redhat.java-1.56.0-win32-x64\jre\21.0.12.1-win32-x86_64\bin\server\jvm.dll
0x00007ffdf6300000 - 0x00007ffdf63bc000 	C:\WINDOWS\System32\ADVAPI32.dll
0x00007ffdf7d50000 - 0x00007ffdf7df9000 	C:\WINDOWS\System32\sechost.dll
0x00007ffdf7450000 - 0x00007ffdf7568000 	C:\WINDOWS\System32\RPCRT4.dll
0x00007ffdf7e20000 - 0x00007ffdf7ea0000 	C:\WINDOWS\System32\WS2_32.dll
0x00007ffdf5000000 - 0x00007ffdf505e000 	C:\WINDOWS\SYSTEM32\POWRPROF.dll
0x00007ffde9f20000 - 0x00007ffde9f56000 	C:\WINDOWS\SYSTEM32\WINMM.dll
0x00007ffdea650000 - 0x00007ffdea65b000 	C:\WINDOWS\SYSTEM32\VERSION.dll
0x00007ffdf4fe0000 - 0x00007ffdf4ff5000 	C:\WINDOWS\SYSTEM32\UMPDC.dll
0x00007ffdf3e70000 - 0x00007ffdf3e8b000 	C:\WINDOWS\SYSTEM32\kernel.appcore.dll
0x00007ffdf1390000 - 0x00007ffdf139a000 	c:\Users\bhask\.vscode\extensions\redhat.java-1.56.0-win32-x64\jre\21.0.12.1-win32-x86_64\bin\jimage.dll
0x00007ffdf29b0000 - 0x00007ffdf2bfc000 	C:\WINDOWS\SYSTEM32\DBGHELP.DLL
0x00007ffdf7080000 - 0x00007ffdf7405000 	C:\WINDOWS\System32\combase.dll
0x00007ffdf6600000 - 0x00007ffdf66d9000 	C:\WINDOWS\System32\OLEAUT32.dll
0x00007ffde1c60000 - 0x00007ffde1c9b000 	C:\WINDOWS\SYSTEM32\dbgcore.DLL
0x00007ffdf51a0000 - 0x00007ffdf524c000 	C:\WINDOWS\System32\bcryptPrimitives.dll
0x00007ffdeb100000 - 0x00007ffdeb10f000 	c:\Users\bhask\.vscode\extensions\redhat.java-1.56.0-win32-x64\jre\21.0.12.1-win32-x86_64\bin\instrument.dll
0x00007ffdd5240000 - 0x00007ffdd5260000 	c:\Users\bhask\.vscode\extensions\redhat.java-1.56.0-win32-x64\jre\21.0.12.1-win32-x86_64\bin\java.dll
0x00007ffdf66e0000 - 0x00007ffdf6e78000 	C:\WINDOWS\System32\SHELL32.dll
0x00007ffdf2c40000 - 0x00007ffdf34ee000 	C:\WINDOWS\SYSTEM32\windows.storage.dll
0x00007ffdf5e40000 - 0x00007ffdf5f3b000 	C:\WINDOWS\System32\SHCORE.dll
0x00007ffdf7750000 - 0x00007ffdf77b6000 	C:\WINDOWS\System32\shlwapi.dll
0x00007ffdf50c0000 - 0x00007ffdf50e9000 	C:\WINDOWS\SYSTEM32\profapi.dll
0x00007ffdd5220000 - 0x00007ffdd5238000 	c:\Users\bhask\.vscode\extensions\redhat.java-1.56.0-win32-x64\jre\21.0.12.1-win32-x86_64\bin\zip.dll
0x00007ffdda930000 - 0x00007ffdda940000 	C:\Users\bhask\.vscode\extensions\redhat.java-1.56.0-win32-x64\jre\21.0.12.1-win32-x86_64\bin\net.dll
0x00007ffded810000 - 0x00007ffded93a000 	C:\WINDOWS\SYSTEM32\WINHTTP.dll
0x00007ffdf4430000 - 0x00007ffdf449c000 	C:\WINDOWS\system32\mswsock.dll
0x00007ffdd24b0000 - 0x00007ffdd24c6000 	C:\Users\bhask\.vscode\extensions\redhat.java-1.56.0-win32-x64\jre\21.0.12.1-win32-x86_64\bin\nio.dll
0x00007ffdda720000 - 0x00007ffdda730000 	c:\Users\bhask\.vscode\extensions\redhat.java-1.56.0-win32-x64\jre\21.0.12.1-win32-x86_64\bin\verify.dll
0x00007ffdc2ed0000 - 0x00007ffdc2f15000 	C:\Users\bhask\AppData\Roaming\Code\User\globalStorage\redhat.java\1.56.0\config_win\org.eclipse.equinox.launcher\org.eclipse.equinox.launcher.win32.win32.x86_64_1.3.100.v20260804-1928\eclipse_11924.dll
0x00007ffdf6ee0000 - 0x00007ffdf707a000 	C:\WINDOWS\System32\ole32.dll
0x00007ffdf4740000 - 0x00007ffdf475b000 	C:\WINDOWS\SYSTEM32\CRYPTSP.dll
0x00007ffdf3dd0000 - 0x00007ffdf3e09000 	C:\WINDOWS\system32\rsaenh.dll
0x00007ffdf44e0000 - 0x00007ffdf4514000 	C:\WINDOWS\SYSTEM32\USERENV.dll
0x00007ffdf5090000 - 0x00007ffdf50ba000 	C:\WINDOWS\SYSTEM32\bcrypt.dll
0x00007ffdf4720000 - 0x00007ffdf472c000 	C:\WINDOWS\SYSTEM32\CRYPTBASE.dll
0x00007ffdf3840000 - 0x00007ffdf3873000 	C:\WINDOWS\SYSTEM32\IPHLPAPI.DLL
0x00007ffdf63d0000 - 0x00007ffdf63da000 	C:\WINDOWS\System32\NSI.dll
0x00007ffdbf310000 - 0x00007ffdbf359000 	C:\Users\bhask\AppData\Local\Temp\jna-93700211\jna14176193645597484550.dll
0x00007ffdf62f0000 - 0x00007ffdf62f8000 	C:\WINDOWS\System32\PSAPI.DLL
0x00007ffdedaa0000 - 0x00007ffdedabd000 	C:\WINDOWS\SYSTEM32\dhcpcsvc6.DLL
0x00007ffded620000 - 0x00007ffded645000 	C:\WINDOWS\SYSTEM32\dhcpcsvc.DLL

JVMTI agents:
c:\Users\bhask\.vscode\extensions\redhat.java-1.56.0-win32-x64\lombok\lombok-1.18.39-4050.jar path:c:\Users\bhask\.vscode\extensions\redhat.java-1.56.0-win32-x64\jre\21.0.12.1-win32-x86_64\bin\instrument.dll, loaded, initialized, instrumentlib options:none

dbghelp: loaded successfully - version: 4.0.5 - missing functions: none
symbol engine: initialized successfully - sym options: 0x614 - pdb path: .;c:\Users\bhask\.vscode\extensions\redhat.java-1.56.0-win32-x64\jre\21.0.12.1-win32-x86_64\bin;C:\WINDOWS\SYSTEM32;C:\WINDOWS\WinSxS\amd64_microsoft.windows.common-controls_6595b64144ccf1df_6.0.26100.9278_none_3e0d1ba8e3303201;c:\Users\bhask\.vscode\extensions\redhat.java-1.56.0-win32-x64\jre\21.0.12.1-win32-x86_64\bin\server;C:\Users\bhask\AppData\Roaming\Code\User\globalStorage\redhat.java\1.56.0\config_win\org.eclipse.equinox.launcher\org.eclipse.equinox.launcher.win32.win32.x86_64_1.3.100.v20260804-1928;C:\Users\bhask\AppData\Local\Temp\jna-93700211

VM Arguments:
jvm_args: --add-modules=ALL-SYSTEM --add-opens=java.base/java.util=ALL-UNNAMED --add-opens=java.base/java.lang=ALL-UNNAMED --add-opens=java.base/sun.nio.fs=ALL-UNNAMED -Declipse.application=org.eclipse.jdt.ls.core.id1 -Dosgi.bundles.defaultStartLevel=4 -Declipse.product=org.eclipse.jdt.ls.core.product -Djava.import.generatesMetadataFilesAtProjectRoot=false -Dm2e.project.cache.size=50 -DDetectVMInstallationsJob.disabled=true -Dfile.encoding=utf8 -XX:+UseParallelGC -XX:GCTimeRatio=4 -XX:AdaptiveSizePolicyWeight=90 -Dsun.zip.disableMemoryMapping=true -Xmx2G -Xms100m -Xlog:disable -javaagent:c:\Users\bhask\.vscode\extensions\redhat.java-1.56.0-win32-x64\lombok\lombok-1.18.39-4050.jar -XX:+HeapDumpOnOutOfMemoryError -XX:HeapDumpPath=c:\Users\bhask\AppData\Roaming\Code\User\workspaceStorage\79f48de3b0dfd62f08c13d01065b296c\redhat.java -Daether.dependencyCollector.impl=bf 
java_command: c:\Users\bhask\.vscode\extensions\redhat.java-1.56.0-win32-x64\server\plugins\org.eclipse.equinox.launcher_1.8.0.v20260804-1928.jar -configuration c:\Users\bhask\AppData\Roaming\Code\User\globalStorage\redhat.java\1.56.0\config_win -data c:\Users\bhask\AppData\Roaming\Code\User\workspaceStorage\79f48de3b0dfd62f08c13d01065b296c\redhat.java\jdt_ws --pipe=\\.\pipe\lsp-4e93c31a937a41d87cb988466b7d939f-sock
java_class_path (initial): c:\Users\bhask\.vscode\extensions\redhat.java-1.56.0-win32-x64\server\plugins\org.eclipse.equinox.launcher_1.8.0.v20260804-1928.jar
Launcher Type: SUN_STANDARD

[Global flags]
    uintx AdaptiveSizePolicyWeight                 = 90                                        {product} {command line}
     intx CICompilerCount                          = 4                                         {product} {ergonomic}
    uintx GCTimeRatio                              = 4                                         {product} {command line}
     bool HeapDumpOnOutOfMemoryError               = true                                   {manageable} {command line}
    ccstr HeapDumpPath                             = c:\Users\bhask\AppData\Roaming\Code\User\workspaceStorage\79f48de3b0dfd62f08c13d01065b296c\redhat.java         {manageable} {command line}
   size_t InitialHeapSize                          = 104857600                                 {product} {command line}
   size_t MaxHeapSize                              = 2147483648                                {product} {command line}
   size_t MaxNewSize                               = 715653120                                 {product} {ergonomic}
   size_t MinHeapDeltaBytes                        = 524288                                    {product} {ergonomic}
   size_t MinHeapSize                              = 104857600                                 {product} {command line}
   size_t NewSize                                  = 34603008                                  {product} {ergonomic}
    uintx NonNMethodCodeHeapSize                   = 5839372                                {pd product} {ergonomic}
    uintx NonProfiledCodeHeapSize                  = 122909434                              {pd product} {ergonomic}
   size_t OldSize                                  = 70254592                                  {product} {ergonomic}
    uintx ProfiledCodeHeapSize                     = 122909434                              {pd product} {ergonomic}
    uintx ReservedCodeCacheSize                    = 251658240                              {pd product} {ergonomic}
     bool SegmentedCodeCache                       = true                                      {product} {ergonomic}
   size_t SoftMaxHeapSize                          = 2147483648                             {manageable} {ergonomic}
     bool UseCompressedOops                        = true                           {product lp64_product} {ergonomic}
     bool UseLargePagesIndividualAllocation        = false                                  {pd product} {ergonomic}
     bool UseParallelGC                            = true                                      {product} {command line}

Logging:
Log output configuration:
 #0: stdout all=off uptime,level,tags foldmultilines=false
 #1: stderr all=off uptime,level,tags foldmultilines=false

Release file:
JAVA_VERSION="21.0.12.1" 
MODULES="java.base java.compiler java.datatransfer java.xml java.prefs java.desktop java.instrument java.logging java.management java.security.sasl java.naming java.rmi java.management.rmi java.net.http java.scripting java.security.jgss java.transaction.xa java.sql java.sql.rowset java.xml.crypto java.se java.smartcardio jdk.accessibility jdk.internal.jvmstat jdk.attach jdk.charsets jdk.internal.opt jdk.zipfs jdk.compiler jdk.crypto.ec jdk.crypto.cryptoki jdk.crypto.mscapi jdk.dynalink jdk.internal.ed jdk.editpad jdk.hotspot.agent jdk.httpserver jdk.internal.le jdk.internal.vm.ci jdk.internal.vm.compiler jdk.internal.vm.compiler.management jdk.jartool jdk.javadoc jdk.jcmd jdk.management jdk.management.agent jdk.jconsole jdk.jdeps jdk.jdwp.agent jdk.jdi jdk.jfr jdk.jshell jdk.jsobject jdk.jstatd jdk.localedata jdk.management.jfr jdk.naming.dns jdk.naming.rmi jdk.net jdk.nio.mapmode jdk.random jdk.sctp jdk.security.auth jdk.security.jgss jdk.unsupported jdk.unsupported.desktop jdk.xml.dom" 

Environment Variables:
JAVA_HOME=C:\Program Files\Java\jdk-21
PATH=D:\oracle\product\10.2.0\db_1\bin;C:\Program Files\Common Files\Oracle\Java\javapath;C:\Program Files\Python312\Scripts\;C:\Program Files\Python312\;C:\WINDOWS\system32;C:\WINDOWS;C:\WINDOWS\System32\Wbem;C:\WINDOWS\System32\WindowsPowerShell\v1.0\;C:\WINDOWS\System32\OpenSSH\;C:\MinGW\bin;C:\Program Files (x86)\IVI Foundation\VISA\WinNT\Bin\;C:\Program Files\IVI Foundation\VISA\Win64\Bin\;C:\Program Files (x86)\IVI Foundation\VISA\WinNT\Bin;C:\Program Files\Java\jdk-21\bin;d:\;D:\Git\cmd;D:\Git\mingw64\bin;D:\Git\usr\bin;C:\Program Files\MongoDB\Server\8.3\bin;C:\php;C:\ProgramData\ComposerSetup\bin;E:\apache-maven-3.10.0-rc-1-bin\apache-maven-3.10.0-rc-1\bin;C:\Users\bhask\anaconda3;C:\Users\bhask\anaconda3\Library\mingw-w64\bin;C:\Users\bhask\anaconda3\Library\usr\bin;C:\Users\bhask\anaconda3\Library\bin;C:\Users\bhask\anaconda3\Scripts;C:\Users\bhask\AppData\Local\Programs\Python\Launcher\;C:\Users\bhask\AppData\Local\Microsoft\WindowsApps;C:\MinGW\bin;C:\Users\bhask\AppData\Local\Programs\Microsoft VS Code\bin;C:\ProgramData\bhask\GitHubDesktop\bin;C:\Users\bhask\AppData\Local\GitHubDesktop\bin;D:\Qoder\bin;C:\Users\bhask\AppData\Roaming\npm;C:\Users\bhask\AppData\Local\Programs\Antigravity\bin;C:\Users\bhask\AppData\Local\Programs\Kiro\bin;C:\Program Files\Salesforce CLI\bin;C:\Program Files\mongosh\;C:\Users\bhask\AppData\Roaming\Composer\vendor\bin
USERNAME=bhask
OS=Windows_NT
PROCESSOR_IDENTIFIER=AMD64 Family 23 Model 104 Stepping 1, AuthenticAMD
TMP=C:\Users\bhask\AppData\Local\Temp
TEMP=C:\Users\bhask\AppData\Local\Temp




Periodic native trim disabled

---------------  S Y S T E M  ---------------

OS:
 Windows 11 , 64 bit Build 26100 (10.0.26100.9444)
OS uptime: 0 days 12:16 hours

CPU: total 12 (initial active 12) (12 cores per cpu, 2 threads per core) family 23 model 104 stepping 1 microcode 0x8608103, cx8, cmov, fxsr, ht, mmx, 3dnowpref, sse, sse2, sse3, ssse3, sse4a, sse4.1, sse4.2, popcnt, lzcnt, tsc, tscinvbit, avx, avx2, aes, clmul, bmi1, bmi2, adx, sha, fma, vzeroupper, clflush, clflushopt, rdtscp, rdpid, f16c
Processor Information for processor 0
  Max Mhz: 2100, Current Mhz: 2100, Mhz Limit: 2100
Processor Information for processor 1
  Max Mhz: 2100, Current Mhz: 2100, Mhz Limit: 2100
Processor Information for processor 2
  Max Mhz: 2100, Current Mhz: 1988, Mhz Limit: 2100
Processor Information for processor 3
  Max Mhz: 2100, Current Mhz: 2100, Mhz Limit: 2100
Processor Information for processor 4
  Max Mhz: 2100, Current Mhz: 1988, Mhz Limit: 2100
Processor Information for processor 5
  Max Mhz: 2100, Current Mhz: 2100, Mhz Limit: 2100
Processor Information for processor 6
  Max Mhz: 2100, Current Mhz: 2100, Mhz Limit: 2100
Processor Information for processor 7
  Max Mhz: 2100, Current Mhz: 2100, Mhz Limit: 2100
Processor Information for processor 8
  Max Mhz: 2100, Current Mhz: 1988, Mhz Limit: 2100
Processor Information for processor 9
  Max Mhz: 2100, Current Mhz: 2100, Mhz Limit: 2100
Processor Information for processor 10
  Max Mhz: 2100, Current Mhz: 2100, Mhz Limit: 2100
Processor Information for processor 11
  Max Mhz: 2100, Current Mhz: 2100, Mhz Limit: 2100

Memory: 4k page, system-wide physical 5989M (316M free)
TotalPageFile size 24421M (AvailPageFile size 0M)
current process WorkingSet (physical memory assigned to process): 334M, peak: 334M
current process commit charge ("private bytes"): 416M, peak: 1658M

vm_info: OpenJDK 64-Bit Server VM (21.0.12.1+1-LTS) for windows-amd64 JRE (21.0.12.1+1-LTS), built on 2026-08-18T00:00:00Z by "admin" with MS VC++ 17.12 (VS2022)

END.
